2024-06-10 15:34:36.146 | INFO     | pid_controller:__init__:26 - Initialization Two Line Actuators: X_controller and Y_controller
2024-06-10 15:34:42.938 | INFO     | pid_controller:calibration:46 - Calibration Result: X_controller Initial Position (0, 0); Y_controller Initial Position (3169, 8309)
2024-06-10 15:34:42.939 | INFO     | pid_controller:calibration:47 - Calibration Finished
